// Vitest Snapshot v1, https://vitest.dev/guide/snapshot.html

exports[`Author component > does not render without a username 1`] = `<div />`;

exports[`Author component > renders correctly 1`] = `
<div>
  <li>
    <a
      aria-label="test-author"
      class="_link_09add8 author-icon"
      href="https://github.com/test-author"
      rel="noopener noreferrer"
      target="_blank"
    >
      <img
        alt="test-author"
        src="https://github.com/test-author.png?size=60"
      />
    </a>
  </li>
</div>
`;
